Ô£à Anam SDK imported successfully
­ƒº¬ Testing Anam.ai API Integration
===================================
